'utf-8' codec can't decode byte 0xf1 in position 1: invalid continuation byte
'utf-8' codec can't decode byte 0xa3 in position 0: invalid start byte
'utf-8' codec can't decode byte 0xa3 in position 0: invalid start byte
'utf-8' codec can't decode byte 0xe2 in position 1: invalid continuation byte
'utf-8' codec can't decode byte 0xe5 in position 0: invalid continuation byte
'utf-8' codec can't decode byte 0xae in position 0: invalid start byte
'utf-8' codec can't decode byte 0xfb in position 1: invalid start byte
'utf-8' codec can't decode byte 0x89 in position 0: invalid start byte
'utf-8' codec can't decode bytes in position 0-1: invalid continuation byte
'utf-8' codec can't decode bytes in position 0-1: invalid continuation byte
'utf-8' codec can't decode byte 0xc1 in position 0: invalid start byte
'utf-8' codec can't decode byte 0xc6 in position 0: invalid continuation byte
'utf-8' codec can't decode bytes in position 0-1: invalid continuation byte
'utf-8' codec can't decode byte 0xae in position 0: invalid start byte
'utf-8' codec can't decode byte 0xfe in position 0: invalid start byte
'utf-8' codec can't decode byte 0x8d in position 0: invalid start byte
'utf-8' codec can't decode byte 0xae in position 0: invalid start byte
'utf-8' codec can't decode byte 0x89 in position 0: invalid start byte
'utf-8' codec can't decode byte 0xf3 in position 3: invalid continuation byte
'utf-8' codec can't decode byte 0xbe in position 0: invalid start byte
'utf-8' codec can't decode byte 0xae in position 0: invalid start byte
'utf-8' codec can't decode byte 0x89 in position 0: invalid start byte
'utf-8' codec can't decode byte 0xe2 in position 1: invalid continuation byte
'utf-8' codec can't decode byte 0xa4 in position 0: invalid start byte
'utf-8' codec can't decode byte 0xae in position 0: invalid start byte
'utf-8' codec can't decode byte 0xfc in position 4: invalid start byte
'utf-8' codec can't decode byte 0x89 in position 0: invalid start byte
'utf-8' codec can't decode byte 0xe5 in position 0: invalid continuation byte
'utf-8' codec can't decode byte 0xbb in position 0: invalid start byte
'utf-8' codec can't decode byte 0xb6 in position 1: invalid start byte
'utf-8' codec can't decode byte 0xa3 in position 0: invalid start byte
'utf-8' codec can't decode byte 0xfc in position 4: invalid start byte
'utf-8' codec can't decode byte 0xb5 in position 0: invalid start byte
'utf-8' codec can't decode byte 0x8b in position 1: invalid start byte
'utf-8' codec can't decode byte 0xa3 in position 0: invalid start byte
'utf-8' codec can't decode byte 0xf9 in position 1: invalid start byte
'utf-8' codec can't decode byte 0xfc in position 4: invalid start byte
'utf-8' codec can't decode byte 0xc1 in position 0: invalid start byte
'utf-8' codec can't decode byte 0xc1 in position 0: invalid start byte
'utf-8' codec can't decode byte 0xb9 in position 0: invalid start byte
'utf-8' codec can't decode byte 0xc1 in position 0: invalid start byte
'utf-8' codec can't decode byte 0xd9 in position 0: invalid continuation byte
'utf-8' codec can't decode byte 0xf7 in position 2: invalid start byte
'utf-8' codec can't decode byte 0xc1 in position 0: invalid start byte
'utf-8' codec can't decode byte 0xa2 in position 0: invalid start byte
'utf-8' codec can't decode byte 0xe5 in position 0: invalid continuation byte
'utf-8' codec can't decode byte 0xf1 in position 1: invalid continuation byte
'utf-8' codec can't decode byte 0xc1 in position 0: invalid start byte
'utf-8' codec can't decode bytes in position 1-2: invalid continuation byte
'utf-8' codec can't decode byte 0xec in position 3: invalid continuation byte
'utf-8' codec can't decode byte 0xe7 in position 3: invalid continuation byte
'utf-8' codec can't decode byte 0xe7 in position 3: invalid continuation byte
'utf-8' codec can't decode byte 0xec in position 3: invalid continuation byte
'utf-8' codec can't decode byte 0xe2 in position 1: invalid continuation byte
'utf-8' codec can't decode byte 0xe5 in position 0: invalid continuation byte
'utf-8' codec can't decode byte 0xc1 in position 0: invalid start byte
'utf-8' codec can't decode byte 0xad in position 2: invalid start byte
'utf-8' codec can't decode bytes in position 0-1: invalid continuation byte
'utf-8' codec can't decode byte 0x98 in position 2: invalid start byte
'utf-8' codec can't decode byte 0x96 in position 4: invalid start byte
'utf-8' codec can't decode byte 0x96 in position 2: invalid start byte
'utf-8' codec can't decode byte 0xec in position 3: invalid continuation byte
'utf-8' codec can't decode byte 0x9b in position 3: invalid start byte
'utf-8' codec can't decode byte 0xb4 in position 0: invalid start byte
'utf-8' codec can't decode byte 0xe5 in position 0: invalid continuation byte
'utf-8' codec can't decode byte 0xb5 in position 0: invalid start byte
'utf-8' codec can't decode byte 0xae in position 0: invalid start byte
'utf-8' codec can't decode byte 0xc1 in position 0: invalid start byte
'utf-8' codec can't decode byte 0xe2 in position 1: invalid continuation byte
'utf-8' codec can't decode byte 0xda in position 1: invalid continuation byte
'utf-8' codec can't decode byte 0xe2 in position 1: invalid continuation byte
'utf-8' codec can't decode byte 0xda in position 1: invalid continuation byte
